<html>
<body>
<pre>
<h1>µVision Build Log</h1>
<h2>Tool Versions:</h2>
IDE-Version: ¦ÌVision V5.37.0.0
Copyright (C) 2022 ARM Ltd and ARM Germany GmbH. All rights reserved.
License Information: zhigao du, HP Inc., LIC=----
 
Tool Versions:
Toolchain:       MDK-Lite  Version: 5.36.0.0
Toolchain Path:  D:\keil\ARM\ARMCLANG\Bin
C Compiler:      ArmClang.exe V6.16
Assembler:       Armasm.exe V6.16
Linker/Locator:  ArmLink.exe V6.16
Library Manager: ArmAr.exe V6.16
Hex Converter:   FromElf.exe V6.16
CPU DLL:         SARMCM3.DLL V5.36.0.0
Dialog DLL:      DCM.DLL V1.17.3.0
Target DLL:      STLink\ST-LINKIII-KEIL_SWO.dll V3.0.9.0
Dialog DLL:      TCM.DLL V1.53.0.0
 
<h2>Project:</h2>
C:\Users\dzg\Desktop\stm32_project\NO_HAL\_8_12_uart_inital\user\_8_12_uart_inital.uvprojx
Project File Date:  10/21/2022

<h2>Output:</h2>
*** Using Compiler 'V6.16', folder: 'D:\keil\ARM\ARMCLANG\Bin'
Build target 'Target 1'
main.c(1): warning: In file included from...
../system/sys\sys.h(8): warning: no newline at end of file [-Wnewline-eof]
#endif
      ^
main.c(2): warning: In file included from...
../hardware/uart\uart.h(3): warning: missing terminating '"' character [-Winvalid-pp-token]
#include "typedef.h""
                    ^
../hardware/uart\uart.h(3): warning: extra tokens at end of #include directive [-Wextra-tokens]
main.c(7): warning: // comments are not allowed in this language [-Wcomment]
//      /*<B2><E2><CA>Ô·<A2><CB><CD>*/
^
main.c(22): warning: no newline at end of file [-Wnewline-eof]
}
 ^
main.c(14): warning: ISO C90 forbids mixing declarations and code [-Wdeclaration-after-statement]
        uint16_t size = 0;
                 ^
6 warnings generated.
compiling main.c...
linking...
Program Size: Code=1588 RO-data=320 RW-data=0 ZI-data=1632  
FromELF: creating hex file...
"..\_8_12_uart_inital.axf" - 0 Error(s), 6 Warning(s).

<h2>Software Packages used:</h2>

Package Vendor: Keil
                http://www.keil.com/pack/Keil.STM32F1xx_DFP.2.4.0.pack
                Keil.STM32F1xx_DFP.2.4.0
                STMicroelectronics STM32F1 Series Device Support, Drivers and Examples

<h2>Collection of Component include folders:</h2>
  D:/keil/Keil/STM32F1xx_DFP/2.4.0/Device/Include

<h2>Collection of Component Files used:</h2>
Build Time Elapsed:  00:00:01
</pre>
</body>
</html>
