<html>
<body>
<pre>
<h1>µVision Build Log</h1>
<h2>Tool Versions:</h2>
IDE-Version: ¦ÌVision V5.37.0.0
Copyright (C) 2022 ARM Ltd and ARM Germany GmbH. All rights reserved.
License Information: zhigao du, HP Inc., LIC=----
 
Tool Versions:
Toolchain:       MDK-Lite  Version: 5.36.0.0
Toolchain Path:  D:\keil\ARM\ARMCC\Bin
C Compiler:      Armcc.exe V5.06 update 7 (build 960)
Assembler:       Armasm.exe V5.06 update 7 (build 960)
Linker/Locator:  ArmLink.exe V5.06 update 7 (build 960)
Library Manager: ArmAr.exe V5.06 update 7 (build 960)
Hex Converter:   FromElf.exe V5.06 update 7 (build 960)
CPU DLL:         SARMCM3.DLL V5.36.0.0
Dialog DLL:      DCM.DLL V1.17.3.0
Target DLL:      STLink\ST-LINKIII-KEIL_SWO.dll V3.0.9.0
Dialog DLL:      TCM.DLL V1.53.0.0
 
<h2>Project:</h2>
C:\Users\dzg\Desktop\stm32_project\NO_HAL\_5_1_check_key\_5_1_check_key.uvprojx
Project File Date:  10/17/2022

<h2>Output:</h2>
*** Using Compiler 'V5.06 update 7 (build 960)', folder: 'D:\keil\ARM\ARMCC\Bin'
Rebuild target 'Target 1'
assembling startup_stm32f103xe.s...
compiling led.c...
.\system\regdef\stm32f103zet6.h(26): warning:  #1-D: last line of file ends without a newline
  #endif
hardware\led\led.h(15): warning:  #1-D: last line of file ends without a newline
  #endif
.\system\sys\sys.h(8): warning:  #1-D: last line of file ends without a newline
  #endif
hardware\led\led.c(9): warning:  #1-D: last line of file ends without a newline
  }
hardware\led\led.c: 4 warnings, 0 errors
compiling delay.c...
system\delay\delay.h(5): warning:  #1-D: last line of file ends without a newline
  #endif
.\system\sys\sys.h(8): warning:  #1-D: last line of file ends without a newline
  #endif
system\delay\delay.c(15): warning:  #1-D: last line of file ends without a newline
  }
system\delay\delay.c: 3 warnings, 0 errors
compiling beep.c...
.\system\regdef\stm32f103zet6.h(26): warning:  #1-D: last line of file ends without a newline
  #endif
hardware\beep\beep.h(15): warning:  #1-D: last line of file ends without a newline
  #endif
.\system\sys\sys.h(8): warning:  #1-D: last line of file ends without a newline
  #endif
hardware\beep\beep.c(9): warning:  #1-D: last line of file ends without a newline
  }
hardware\beep\beep.c: 4 warnings, 0 errors
compiling sys.c...
system\sys\sys.h(8): warning:  #1-D: last line of file ends without a newline
  #endif
.\system\regdef\stm32f103zet6.h(26): warning:  #1-D: last line of file ends without a newline
  #endif
system\sys\sys.c: 2 warnings, 0 errors
compiling key.c...
.\system\regdef\stm32f103zet6.h(26): warning:  #1-D: last line of file ends without a newline
  #endif
.\system\delay\delay.h(5): warning:  #1-D: last line of file ends without a newline
  #endif
.\system\sys\sys.h(8): warning:  #1-D: last line of file ends without a newline
  #endif
hardware\key\key.c(50): warning:  #1-D: last line of file ends without a newline
  }
hardware\key\key.c: 4 warnings, 0 errors
compiling main.c...
.\system\regdef\stm32f103zet6.h(26): warning:  #1-D: last line of file ends without a newline
  #endif
.\system\sys\sys.h(8): warning:  #1-D: last line of file ends without a newline
  #endif
.\hardware\led\led.h(15): warning:  #1-D: last line of file ends without a newline
  #endif
.\hardware\beep\beep.h(15): warning:  #1-D: last line of file ends without a newline
  #endif
main\main.c(45): warning:  #1-D: last line of file ends without a newline
  }
main\main.c: 5 warnings, 0 errors
linking...
Program Size: Code=1188 RO-data=336 RW-data=4 ZI-data=1028  
FromELF: creating hex file...
".\Objects\_5_1_check_key.axf" - 0 Error(s), 22 Warning(s).

<h2>Software Packages used:</h2>

Package Vendor: Keil
                http://www.keil.com/pack/Keil.STM32F1xx_DFP.2.4.0.pack
                Keil.STM32F1xx_DFP.2.4.0
                STMicroelectronics STM32F1 Series Device Support, Drivers and Examples

<h2>Collection of Component include folders:</h2>
  D:/keil/Keil/STM32F1xx_DFP/2.4.0/Device/Include

<h2>Collection of Component Files used:</h2>
Build Time Elapsed:  00:00:02
</pre>
</body>
</html>
